/home/tra/STM32CubeMX/Projects/L4_thingspeak/Common/Src/es_wifi_io.c:43:6:SPI_WIFI_MspInit	56	static
/home/tra/STM32CubeMX/Projects/L4_thingspeak/Common/Src/es_wifi_io.c:114:8:SPI_WIFI_Init	24	static
/home/tra/STM32CubeMX/Projects/L4_thingspeak/Common/Src/es_wifi_io.c:169:8:SPI_WIFI_DeInit	8	static
/home/tra/STM32CubeMX/Projects/L4_thingspeak/Common/Src/es_wifi_io.c:180:9:SPI_WIFI_ReceiveData	32	static
/home/tra/STM32CubeMX/Projects/L4_thingspeak/Common/Src/es_wifi_io.c:231:9:SPI_WIFI_SendData	32	static
/home/tra/STM32CubeMX/Projects/L4_thingspeak/Common/Src/es_wifi_io.c:262:6:SPI_WIFI_Delay	16	static
/home/tra/STM32CubeMX/Projects/L4_thingspeak/Common/Src/es_wifi.c:52:17:Hex2Num	16	static
/home/tra/STM32CubeMX/Projects/L4_thingspeak/Common/Src/es_wifi.c:71:17:ParseHexNumber	24	static
/home/tra/STM32CubeMX/Projects/L4_thingspeak/Common/Src/es_wifi.c:95:16:ParseNumber	24	static
/home/tra/STM32CubeMX/Projects/L4_thingspeak/Common/Src/es_wifi.c:125:13:ParseMAC	24	static
/home/tra/STM32CubeMX/Projects/L4_thingspeak/Common/Src/es_wifi.c:145:14:ParseIP	24	static
/home/tra/STM32CubeMX/Projects/L4_thingspeak/Common/Src/es_wifi.c:164:31:ParseSecurity	16	static
/home/tra/STM32CubeMX/Projects/L4_thingspeak/Common/Src/es_wifi.c:181:13:AT_ParseInfo	24	static
/home/tra/STM32CubeMX/Projects/L4_thingspeak/Common/Src/es_wifi.c:231:13:AT_ParseAP	32	static
/home/tra/STM32CubeMX/Projects/L4_thingspeak/Common/Src/es_wifi.c:331:13:AT_ParseSystemConfig	24	static
/home/tra/STM32CubeMX/Projects/L4_thingspeak/Common/Src/es_wifi.c:398:13:AT_ParseConnSettings	24	static
/home/tra/STM32CubeMX/Projects/L4_thingspeak/Common/Src/es_wifi.c:469:25:AT_ExecuteCommand	40	static
/home/tra/STM32CubeMX/Projects/L4_thingspeak/Common/Src/es_wifi.c:499:25:AT_RequestSendData	32	static
/home/tra/STM32CubeMX/Projects/L4_thingspeak/Common/Src/es_wifi.c:537:25:AT_RequestReceiveData	40	static
/home/tra/STM32CubeMX/Projects/L4_thingspeak/Common/Src/es_wifi.c:566:19:ES_WIFI_Init	24	static
/home/tra/STM32CubeMX/Projects/L4_thingspeak/Common/Src/es_wifi.c:590:19:ES_WIFI_GetProductID	16	static
/home/tra/STM32CubeMX/Projects/L4_thingspeak/Common/Src/es_wifi.c:602:19:ES_WIFI_GetFWRevID	16	static
/home/tra/STM32CubeMX/Projects/L4_thingspeak/Common/Src/es_wifi.c:614:19:ES_WIFI_GetProductName	16	static
/home/tra/STM32CubeMX/Projects/L4_thingspeak/Common/Src/es_wifi.c:626:19:ES_WIFI_GetAPIRev	16	static
/home/tra/STM32CubeMX/Projects/L4_thingspeak/Common/Src/es_wifi.c:638:19:ES_WIFI_GetStackRev	16	static
/home/tra/STM32CubeMX/Projects/L4_thingspeak/Common/Src/es_wifi.c:650:19:ES_WIFI_GetRTOSRev	16	static
/home/tra/STM32CubeMX/Projects/L4_thingspeak/Common/Src/es_wifi.c:662:19:ES_WIFI_RegisterBusIO	24	static
/home/tra/STM32CubeMX/Projects/L4_thingspeak/Common/Src/es_wifi.c:687:19:ES_WIFI_SetTimeout	16	static
/home/tra/STM32CubeMX/Projects/L4_thingspeak/Common/Src/es_wifi.c:699:19:ES_WIFI_ListAccessPoints	24	static
/home/tra/STM32CubeMX/Projects/L4_thingspeak/Common/Src/es_wifi.c:720:18:ES_WIFI_Connect	32	static
/home/tra/STM32CubeMX/Projects/L4_thingspeak/Common/Src/es_wifi.c:757:9:ES_WIFI_IsConnected	16	static
/home/tra/STM32CubeMX/Projects/L4_thingspeak/Common/Src/es_wifi.c:766:18:ES_WIFI_Disconnect	16	static
/home/tra/STM32CubeMX/Projects/L4_thingspeak/Common/Src/es_wifi.c:777:18:ES_WIFI_GetNetworkSettings	24	static
/home/tra/STM32CubeMX/Projects/L4_thingspeak/Common/Src/es_wifi.c:797:18:ES_WIFI_GetMACAddress	24	static
/home/tra/STM32CubeMX/Projects/L4_thingspeak/Common/Src/es_wifi.c:818:18:ES_WIFI_GetIPAddress	16	static
/home/tra/STM32CubeMX/Projects/L4_thingspeak/Common/Src/es_wifi.c:830:18:ES_WIFI_SetMACAddress	56	static
/home/tra/STM32CubeMX/Projects/L4_thingspeak/Common/Src/es_wifi.c:849:18:ES_WIFI_ResetToFactoryDefault	24	static
/home/tra/STM32CubeMX/Projects/L4_thingspeak/Common/Src/es_wifi.c:863:18:ES_WIFI_ResetModule	24	static
/home/tra/STM32CubeMX/Projects/L4_thingspeak/Common/Src/es_wifi.c:878:18:ES_WIFI_SetProductName	24	static
/home/tra/STM32CubeMX/Projects/L4_thingspeak/Common/Src/es_wifi.c:955:18:ES_WIFI_GetSystemConfig	24	static
/home/tra/STM32CubeMX/Projects/L4_thingspeak/Common/Src/es_wifi.c:975:18:ES_WIFI_Ping	48	static
/home/tra/STM32CubeMX/Projects/L4_thingspeak/Common/Src/es_wifi.c:1012:18:ES_WIFI_DNS_LookUp	32	static
/home/tra/STM32CubeMX/Projects/L4_thingspeak/Common/Src/es_wifi.c:1035:18:ES_WIFI_StartClientConnection	40	static
/home/tra/STM32CubeMX/Projects/L4_thingspeak/Common/Src/es_wifi.c:1080:18:ES_WIFI_StopClientConnection	24	static
/home/tra/STM32CubeMX/Projects/L4_thingspeak/Common/Src/es_wifi.c:1164:18:ES_WIFI_StartServerSingleConn	24	static
/home/tra/STM32CubeMX/Projects/L4_thingspeak/Common/Src/es_wifi.c:1245:18:ES_WIFI_StopServerSingleConn	16	static
/home/tra/STM32CubeMX/Projects/L4_thingspeak/Common/Src/es_wifi.c:1258:18:ES_WIFI_StartServerMultiConn	24	static
/home/tra/STM32CubeMX/Projects/L4_thingspeak/Common/Src/es_wifi.c:1351:18:ES_WIFI_StopServerMultiConn	24	static
/home/tra/STM32CubeMX/Projects/L4_thingspeak/Common/Src/es_wifi.c:1388:18:ES_WIFI_SendData	40	static
/home/tra/STM32CubeMX/Projects/L4_thingspeak/Common/Src/es_wifi.c:1429:18:ES_WIFI_ReceiveData	40	static
/home/tra/STM32CubeMX/Projects/L4_thingspeak/Common/Src/wifi.c:32:15:WIFI_Init	24	static
/home/tra/STM32CubeMX/Projects/L4_thingspeak/Common/Src/wifi.c:58:15:WIFI_ListAccessPoints	464	static
/home/tra/STM32CubeMX/Projects/L4_thingspeak/Common/Src/wifi.c:93:15:WIFI_Connect	32	static
/home/tra/STM32CubeMX/Projects/L4_thingspeak/Common/Src/wifi.c:115:15:WIFI_GetMAC_Address	24	static
/home/tra/STM32CubeMX/Projects/L4_thingspeak/Common/Src/wifi.c:130:15:WIFI_GetIP_Address	24	static
/home/tra/STM32CubeMX/Projects/L4_thingspeak/Common/Src/wifi.c:147:15:WIFI_Disconnect	16	static
/home/tra/STM32CubeMX/Projects/L4_thingspeak/Common/Src/wifi.c:163:15:WIFI_Ping	24	static
/home/tra/STM32CubeMX/Projects/L4_thingspeak/Common/Src/wifi.c:183:15:WIFI_OpenClientConnection	48	static
/home/tra/STM32CubeMX/Projects/L4_thingspeak/Common/Src/wifi.c:212:15:WIFI_CloseClientConnection	16	static
/home/tra/STM32CubeMX/Projects/L4_thingspeak/Common/Src/wifi.c:229:15:WIFI_StartServer	48	static
/home/tra/STM32CubeMX/Projects/L4_thingspeak/Common/Src/wifi.c:247:15:WIFI_StopServer	24	static
/home/tra/STM32CubeMX/Projects/L4_thingspeak/Common/Src/wifi.c:263:15:WIFI_SendData	40	static
/home/tra/STM32CubeMX/Projects/L4_thingspeak/Common/Src/wifi.c:281:15:WIFI_ReceiveData	40	static
/home/tra/STM32CubeMX/Projects/L4_thingspeak/Common/Src/wifi.c:298:15:WIFI_SetOEMProperties	24	static
/home/tra/STM32CubeMX/Projects/L4_thingspeak/Common/Src/wifi.c:316:15:WIFI_ResetModule	16	static
/home/tra/STM32CubeMX/Projects/L4_thingspeak/Common/Src/wifi.c:331:15:WIFI_SetModuleDefault	16	static
/home/tra/STM32CubeMX/Projects/L4_thingspeak/Common/Src/wifi.c:348:15:WIFI_ModuleFirmwareUpdate	16	static
../Core/Src/main.c:100:5:main	16	static
../Core/Src/main.c:176:6:SystemClock_Config	96	static
../Core/Src/main.c:237:13:MX_DFSDM1_Init	8	static
../Core/Src/main.c:275:13:MX_I2C2_Init	8	static
../Core/Src/main.c:323:13:MX_QUADSPI_Init	8	static
../Core/Src/main.c:356:13:MX_SPI3_Init	8	static
../Core/Src/main.c:396:13:MX_USART1_UART_Init	8	static
../Core/Src/main.c:431:13:MX_USART3_UART_Init	8	static
../Core/Src/main.c:466:13:MX_USB_OTG_FS_PCD_Init	8	static
../Core/Src/main.c:501:13:MX_GPIO_Init	48	static
../Core/Src/main.c:680:6:SendData	232	static
../Core/Src/main.c:701:6:Error_Handler	4	static,ignoring_inline_asm
