/home/tra/STM32CubeMX/Projects/L4_thingspeak/Common/Src/es_wifi_io.c:43:6:SPI_WIFI_MspInit	1
/home/tra/STM32CubeMX/Projects/L4_thingspeak/Common/Src/es_wifi_io.c:114:8:SPI_WIFI_Init	10
/home/tra/STM32CubeMX/Projects/L4_thingspeak/Common/Src/es_wifi_io.c:169:8:SPI_WIFI_DeInit	1
/home/tra/STM32CubeMX/Projects/L4_thingspeak/Common/Src/es_wifi_io.c:180:9:SPI_WIFI_ReceiveData	8
/home/tra/STM32CubeMX/Projects/L4_thingspeak/Common/Src/es_wifi_io.c:231:9:SPI_WIFI_SendData	5
/home/tra/STM32CubeMX/Projects/L4_thingspeak/Common/Src/es_wifi_io.c:262:6:SPI_WIFI_Delay	1
/home/tra/STM32CubeMX/Projects/L4_thingspeak/Common/Src/es_wifi.c:52:17:Hex2Num	7
/home/tra/STM32CubeMX/Projects/L4_thingspeak/Common/Src/es_wifi.c:71:17:ParseHexNumber	8
/home/tra/STM32CubeMX/Projects/L4_thingspeak/Common/Src/es_wifi.c:95:16:ParseNumber	6
/home/tra/STM32CubeMX/Projects/L4_thingspeak/Common/Src/es_wifi.c:125:13:ParseMAC	3
/home/tra/STM32CubeMX/Projects/L4_thingspeak/Common/Src/es_wifi.c:145:14:ParseIP	3
/home/tra/STM32CubeMX/Projects/L4_thingspeak/Common/Src/es_wifi.c:164:31:ParseSecurity	7
/home/tra/STM32CubeMX/Projects/L4_thingspeak/Common/Src/es_wifi.c:181:13:AT_ParseInfo	9
/home/tra/STM32CubeMX/Projects/L4_thingspeak/Common/Src/es_wifi.c:231:13:AT_ParseAP	8
/home/tra/STM32CubeMX/Projects/L4_thingspeak/Common/Src/es_wifi.c:331:13:AT_ParseSystemConfig	13
/home/tra/STM32CubeMX/Projects/L4_thingspeak/Common/Src/es_wifi.c:398:13:AT_ParseConnSettings	14
/home/tra/STM32CubeMX/Projects/L4_thingspeak/Common/Src/es_wifi.c:469:25:AT_ExecuteCommand	5
/home/tra/STM32CubeMX/Projects/L4_thingspeak/Common/Src/es_wifi.c:499:25:AT_RequestSendData	7
/home/tra/STM32CubeMX/Projects/L4_thingspeak/Common/Src/es_wifi.c:537:25:AT_RequestReceiveData	4
/home/tra/STM32CubeMX/Projects/L4_thingspeak/Common/Src/es_wifi.c:566:19:ES_WIFI_Init	3
/home/tra/STM32CubeMX/Projects/L4_thingspeak/Common/Src/es_wifi.c:590:19:ES_WIFI_GetProductID	1
/home/tra/STM32CubeMX/Projects/L4_thingspeak/Common/Src/es_wifi.c:602:19:ES_WIFI_GetFWRevID	1
/home/tra/STM32CubeMX/Projects/L4_thingspeak/Common/Src/es_wifi.c:614:19:ES_WIFI_GetProductName	1
/home/tra/STM32CubeMX/Projects/L4_thingspeak/Common/Src/es_wifi.c:626:19:ES_WIFI_GetAPIRev	1
/home/tra/STM32CubeMX/Projects/L4_thingspeak/Common/Src/es_wifi.c:638:19:ES_WIFI_GetStackRev	1
/home/tra/STM32CubeMX/Projects/L4_thingspeak/Common/Src/es_wifi.c:650:19:ES_WIFI_GetRTOSRev	1
/home/tra/STM32CubeMX/Projects/L4_thingspeak/Common/Src/es_wifi.c:662:19:ES_WIFI_RegisterBusIO	6
/home/tra/STM32CubeMX/Projects/L4_thingspeak/Common/Src/es_wifi.c:687:19:ES_WIFI_SetTimeout	1
/home/tra/STM32CubeMX/Projects/L4_thingspeak/Common/Src/es_wifi.c:699:19:ES_WIFI_ListAccessPoints	2
/home/tra/STM32CubeMX/Projects/L4_thingspeak/Common/Src/es_wifi.c:720:18:ES_WIFI_Connect	5
/home/tra/STM32CubeMX/Projects/L4_thingspeak/Common/Src/es_wifi.c:757:9:ES_WIFI_IsConnected	1
/home/tra/STM32CubeMX/Projects/L4_thingspeak/Common/Src/es_wifi.c:766:18:ES_WIFI_Disconnect	1
/home/tra/STM32CubeMX/Projects/L4_thingspeak/Common/Src/es_wifi.c:777:18:ES_WIFI_GetNetworkSettings	2
/home/tra/STM32CubeMX/Projects/L4_thingspeak/Common/Src/es_wifi.c:797:18:ES_WIFI_GetMACAddress	2
/home/tra/STM32CubeMX/Projects/L4_thingspeak/Common/Src/es_wifi.c:818:18:ES_WIFI_GetIPAddress	1
/home/tra/STM32CubeMX/Projects/L4_thingspeak/Common/Src/es_wifi.c:830:18:ES_WIFI_SetMACAddress	2
/home/tra/STM32CubeMX/Projects/L4_thingspeak/Common/Src/es_wifi.c:849:18:ES_WIFI_ResetToFactoryDefault	1
/home/tra/STM32CubeMX/Projects/L4_thingspeak/Common/Src/es_wifi.c:863:18:ES_WIFI_ResetModule	1
/home/tra/STM32CubeMX/Projects/L4_thingspeak/Common/Src/es_wifi.c:878:18:ES_WIFI_SetProductName	2
/home/tra/STM32CubeMX/Projects/L4_thingspeak/Common/Src/es_wifi.c:955:18:ES_WIFI_GetSystemConfig	2
/home/tra/STM32CubeMX/Projects/L4_thingspeak/Common/Src/es_wifi.c:975:18:ES_WIFI_Ping	4
/home/tra/STM32CubeMX/Projects/L4_thingspeak/Common/Src/es_wifi.c:1012:18:ES_WIFI_DNS_LookUp	2
/home/tra/STM32CubeMX/Projects/L4_thingspeak/Common/Src/es_wifi.c:1035:18:ES_WIFI_StartClientConnection	8
/home/tra/STM32CubeMX/Projects/L4_thingspeak/Common/Src/es_wifi.c:1080:18:ES_WIFI_StopClientConnection	2
/home/tra/STM32CubeMX/Projects/L4_thingspeak/Common/Src/es_wifi.c:1164:18:ES_WIFI_StartServerSingleConn	10
/home/tra/STM32CubeMX/Projects/L4_thingspeak/Common/Src/es_wifi.c:1245:18:ES_WIFI_StopServerSingleConn	1
/home/tra/STM32CubeMX/Projects/L4_thingspeak/Common/Src/es_wifi.c:1258:18:ES_WIFI_StartServerMultiConn	12
/home/tra/STM32CubeMX/Projects/L4_thingspeak/Common/Src/es_wifi.c:1351:18:ES_WIFI_StopServerMultiConn	6
/home/tra/STM32CubeMX/Projects/L4_thingspeak/Common/Src/es_wifi.c:1388:18:ES_WIFI_SendData	7
/home/tra/STM32CubeMX/Projects/L4_thingspeak/Common/Src/es_wifi.c:1429:18:ES_WIFI_ReceiveData	5
/home/tra/STM32CubeMX/Projects/L4_thingspeak/Common/Src/wifi.c:32:15:WIFI_Init	3
/home/tra/STM32CubeMX/Projects/L4_thingspeak/Common/Src/wifi.c:58:15:WIFI_ListAccessPoints	4
/home/tra/STM32CubeMX/Projects/L4_thingspeak/Common/Src/wifi.c:93:15:WIFI_Connect	3
/home/tra/STM32CubeMX/Projects/L4_thingspeak/Common/Src/wifi.c:115:15:WIFI_GetMAC_Address	2
/home/tra/STM32CubeMX/Projects/L4_thingspeak/Common/Src/wifi.c:130:15:WIFI_GetIP_Address	2
/home/tra/STM32CubeMX/Projects/L4_thingspeak/Common/Src/wifi.c:147:15:WIFI_Disconnect	2
/home/tra/STM32CubeMX/Projects/L4_thingspeak/Common/Src/wifi.c:163:15:WIFI_Ping	2
/home/tra/STM32CubeMX/Projects/L4_thingspeak/Common/Src/wifi.c:183:15:WIFI_OpenClientConnection	2
/home/tra/STM32CubeMX/Projects/L4_thingspeak/Common/Src/wifi.c:212:15:WIFI_CloseClientConnection	2
/home/tra/STM32CubeMX/Projects/L4_thingspeak/Common/Src/wifi.c:229:15:WIFI_StartServer	2
/home/tra/STM32CubeMX/Projects/L4_thingspeak/Common/Src/wifi.c:247:15:WIFI_StopServer	2
/home/tra/STM32CubeMX/Projects/L4_thingspeak/Common/Src/wifi.c:263:15:WIFI_SendData	2
/home/tra/STM32CubeMX/Projects/L4_thingspeak/Common/Src/wifi.c:281:15:WIFI_ReceiveData	2
/home/tra/STM32CubeMX/Projects/L4_thingspeak/Common/Src/wifi.c:298:15:WIFI_SetOEMProperties	3
/home/tra/STM32CubeMX/Projects/L4_thingspeak/Common/Src/wifi.c:316:15:WIFI_ResetModule	2
/home/tra/STM32CubeMX/Projects/L4_thingspeak/Common/Src/wifi.c:331:15:WIFI_SetModuleDefault	2
/home/tra/STM32CubeMX/Projects/L4_thingspeak/Common/Src/wifi.c:348:15:WIFI_ModuleFirmwareUpdate	1
../Core/Src/main.c:100:5:main	3
../Core/Src/main.c:176:6:SystemClock_Config	4
../Core/Src/main.c:237:13:MX_DFSDM1_Init	2
../Core/Src/main.c:275:13:MX_I2C2_Init	4
../Core/Src/main.c:323:13:MX_QUADSPI_Init	2
../Core/Src/main.c:356:13:MX_SPI3_Init	2
../Core/Src/main.c:396:13:MX_USART1_UART_Init	2
../Core/Src/main.c:431:13:MX_USART3_UART_Init	2
../Core/Src/main.c:466:13:MX_USB_OTG_FS_PCD_Init	2
../Core/Src/main.c:501:13:MX_GPIO_Init	1
../Core/Src/main.c:680:6:SendData	2
../Core/Src/main.c:701:6:Error_Handler	1
